// Jest Snapshot v1, https://goo.gl/fbAQLP

exports[`History component renders History 1`] = `
<DocumentFragment>
  <div
    class="sc-dlfnbm htbDCf"
  >
    <p
      class="sc-hKgILt kJfJMY"
    >
      History
    </p>
    <span
      class="sc-eCssSg hUWzSP"
    >
      <span
        class="sc-jSgupP ffeFYP"
      >
        <article
          id="0"
        >
          <span
            class="sc-bdfBwQ gdFaFC"
            id="0"
          >
            get
          </span>
          <p
            class="sc-gsTCUz khlkDi"
            id="0"
          >
            google.com
          </p>
        </article>
      </span>
      <span
        class="sc-jSgupP ffeFYP"
      >
        <article
          id="1"
        >
          <span
            class="sc-bdfBwQ gdFaFC"
            id="1"
          >
            put
          </span>
          <p
            class="sc-gsTCUz khlkDi"
            id="1"
          >
            google1.com
          </p>
        </article>
      </span>
    </span>
  </div>
</DocumentFragment>
`;
