// Jest Snapshot v1, https://goo.gl/fbAQLP

exports[`HistoryItem component renders HistoryItem 1`] = `
<DocumentFragment>
  <article
    id="1"
  >
    <span
      class="sc-bdfBwQ gdFaFC"
      id="1"
    >
      GET
    </span>
    <p
      class="sc-gsTCUz khlkDi"
      id="1"
    >
      www.google.com
    </p>
  </article>
</DocumentFragment>
`;
